// Vitest Snapshot v1, https://vitest.dev/guide/snapshot.html

exports[`Update Blog Post Widget: Snapshot > render widget 1`] = `
<body>
  <div>
    <div
      data-testid="update-blog-post-button"
    >
      <span>
        Edit
      </span>
    </div>
  </div>
  <div
    class="ReactModalPortal"
  />
</body>
`;

exports[`Update Blog Post Widget: Snapshot > render widget click button 1`] = `
<body
  class="ReactModal__Body--open"
>
  <div
    data-react-modal-body-trap=""
    style="position: absolute; opacity: 0;"
    tabindex="0"
  />
  <div>
    <div
      data-testid="update-blog-post-button"
    >
      <span>
        Edit
      </span>
    </div>
  </div>
  <div
    class="ReactModalPortal"
  >
    <div
      class="ReactModal__Overlay fixed inset-0 z-20 bg-black/75"
    >
      <div
        aria-label="Blog Post Input"
        aria-modal="true"
        class="ReactModal__Content absolute top-1/2 left-1/2 z-40 w-11/12 -translate-x-1/2 -translate-y-1/2 rounded-md bg-white md:w-1/2 p-4"
        role="dialog"
        tabindex="-1"
      >
        <div
          class="flex pb-3 w-full flex-row items-center justify-between border-b border-b-gray-200 pl-4 pr-4"
        >
          <div
            class="font-semibold"
          >
            Update
             Blog Post
          </div>
        </div>
        <div
          class="flex h-96 w-full flex-col items-center justify-center"
        >
          <svg
            class="animate-pulse stroke-highlight-green"
            fill="none"
            height="12rem"
            stroke="currentColor"
            stroke-linecap="round"
            stroke-linejoin="round"
            stroke-width="2"
            viewBox="0 0 24 24"
            width="12rem"
            xmlns="http://www.w3.org/2000/svg"
          >
            <polyline
              points="20 6 9 17 4 12"
            />
          </svg>
          <div
            class="text-lg"
          >
            Successfully updated the blog post
          </div>
        </div>
      </div>
    </div>
  </div>
  <div
    data-react-modal-body-trap=""
    style="position: absolute; opacity: 0;"
    tabindex="0"
  />
</body>
`;
