// Vitest Snapshot v1, https://vitest.dev/guide/snapshot.html

exports[`Layout: Snapshot > Render layout 1`] = `
<body>
  <div>
    <header
      class="sticky top-0 z-10 box-border h-12 w-full bg-white"
    >
      <div
        class="flex h-full justify-between border-b border-b-gray-200 p-6"
      >
        <a
          class="self-center text-xl font-bold"
          href="/"
        >
          Continuus
        </a>
        <div
          class="flex items-center gap-6"
        >
          <div
            class="hover:fill-highlight-green transition-all"
          >
            <div
              class="hover:cursor-pointer"
            >
              <svg
                height="24"
                width="24"
                xmlns="http://www.w3.org/2000/svg"
              >
                <path
                  d="m19.6 21-6.3-6.3q-.75.6-1.725.95Q10.6 16 9.5 16q-2.725 0-4.612-1.887Q3 12.225 3 9.5q0-2.725 1.888-4.613Q6.775 3 9.5 3t4.613 1.887Q16 6.775 16 9.5q0 1.1-.35 2.075-.35.975-.95 1.725l6.3 6.3ZM9.5 14q1.875 0 3.188-1.312Q14 11.375 14 9.5q0-1.875-1.312-3.188Q11.375 5 9.5 5 7.625 5 6.312 6.312 5 7.625 5 9.5q0 1.875 1.312 3.188Q7.625 14 9.5 14Z"
                />
              </svg>
            </div>
          </div>
          <button
            aria-expanded="false"
            aria-haspopup="true"
            class="szh-menu-button"
            type="button"
          >
            <img
              alt="avatar"
              class="aspect-square rounded-full"
              src="image"
              style="width: 2rem;"
            />
          </button>
        </div>
      </div>
    </header>
    <nav
      class="fixed bottom-0 left-0 z-10 h-24 w-full bg-white md:top-12 md:inline-block md:h-auto md:w-[15%] md:bg-transparent md:align-top"
    >
      <div
        class="flex h-full w-full flex-row border-t border-solid border-t-gray-200 md:h-auto md:flex-col md:border-none md:p-6"
        data-testid="sidebar"
      >
        <a
          class="
          border-highlight-green 
          font-bold 
          flex 
          h-full 
          flex-1
          cursor-pointer
          items-center
          justify-center
          border-b-4
          border-solid
          transition-all
          hover:border-highlight-green
          hover:font-bold
          md:h-14
          md:flex-auto
          md:justify-start 
          md:border-l-4 
          md:border-b-0
          md:pl-4
          "
          href="/"
        >
          Blog Feed
        </a>
        <a
          class="
          border-gray-200 
          font-normal 
          flex 
          h-full 
          flex-1
          cursor-pointer
          items-center
          justify-center
          border-b-4
          border-solid
          transition-all
          hover:border-highlight-green
          hover:font-bold
          md:h-14
          md:flex-auto
          md:justify-start 
          md:border-l-4 
          md:border-b-0
          md:pl-4
          "
          href="/profile/test-user-id"
        >
          Profile
        </a>
      </div>
    </nav>
    <main
      class="inline-flex w-full overflow-x-auto justify-center mb-24 md:mb-0"
    />
  </div>
  <div
    class="ReactModalPortal"
  />
</body>
`;
